[DATA_POINT]
1="tcp_connect"
2="tcp_connection_count"
3="mic_recv"
4="HTTP_200"
5="ssl_session_new"
6="tcp_shutdown"
7="HTTP_304"
8="HTTP_404"
[END_TRANSACTION]
26="vuser_end_Transaction"
10="http://uitestingplayground.com/static/prism.css"
11="http://uitestingplayground.com/static/cube.png"
12="uitestingplayground.c_vuser_init_14"
13="http://uitestingplayground.com/static/fork.png"
14="fork.png_vuser_init_24"
15="vuser_init_Transaction"
16="https://update.googleapis.com/service/update2/json?cup2key=13:C4rTOzlxysIjCcIsP5e5-vbgAfP4f4zqhrP17BdlQRk&cup2hreq=3ce5029803997f37ea0b5b6a29a8cb6f3f7dc3bcb65ea867e608d13a5f3f948b"
17="json_Dynamic_Table_6"
18="http://uitestingplayground.com/dynamictable"
19="dynamictable_Dynamic_Table_42"
1="http://uitestingplayground.com/"
2="https://maxcdn.bootstrapcdn.com/bootstrap/4.0.0/css/bootstrap.min.css"
3="https://buttons.github.io/buttons.js"
4="https://cdnjs.cloudflare.com/ajax/libs/popper.js/1.12.9/umd/popper.min.js"
5="https://cdnjs.cloudflare.com/ajax/libs/font-awesome/4.7.0/css/font-awesome.min.css"
6="https://code.jquery.com/jquery-3.2.1.min.js"
20="https://safebrowsing.googleapis.com/v4/threatListUpdates:fetch?$req=Ch4KDGdvb2dsZWNocm9tZRIOMTIxLjAuNjE2Ny4xNjEaKQgFEAEaGwoNCAUQBhgBIgMwMDEwARDKmxUaAhgLvkFA_SIEIAEgAigBGikIARABGhsKDQgBEAYYASIDMDAxMAEQyusNGgIYC5_qXfoiBCABIAIoARopCAMQARobCg0IAxAGGAEiAzAwMTABEILjDRoCGAvap5fzIgQgASACKAEaKQgOEAEaGwoNCA4QBhgBIgMwMDEwARDqrwcaAhgL6fbsGCIEIAEgAigBGigIARAIGhoKDQgBEAgYASIDMDAxMAQQ5DcaAhgLDc4o8CIEIAEgAigEGikIDxABGhsKDQgPEAYYASIDMDAxMAEQhq4CGgIYC0lXCjEiBCABIAIoARonCAoQCBoZCg0IChAIGAEiAzAwMTABEAcaAhgLYjna-CIEIAEgAigBGicICRABGhkKDQgJEAYYASIDMDAxMAEQIxoCGAuXnkjLIgQgASACKAEaKAgIEAEaGgoNCAgQBhgBIgMwMDEwARCzFRoCGAtKplY8IgQgASACKAEaKQgNEAEaGwoNCA0QBhgBIgMwMDEwARDTjQIaAhgLoasjkSIEIAEgAigBGikIBxABGhsKDQgHEAYYASIDMDAxMAEQ_7EOGgIYC4uD1eoiBCABIAIoARooCBAQARoaCg0IEBAGGAEiAzAwMTABEJkhGgIYCzw6mmYiBCABIAIoASICCAE=&$ct=application/x-protobuf&key=AIzaSyBOti4mM-6x9WDnZIjIeyEU21OpBXqWBgw"
7="https://maxcdn.bootstrapcdn.com/bootstrap/4.0.0/js/bootstrap.min.js"
21="threatListUpdates_Dynamic_Table_56"
8="http://uitestingplayground.com/static/style.css"
22="Dynamic_Table_Transaction"
9="http://uitestingplayground.com/static/prism.js"
23="http://uitestingplayground.com/dynamicid"
24="dynamicid_Dynamic_ID_7"
25="Dynamic_ID_Transaction"
